\BOOKMARK [0][-]{chapter.1}{\376\377\000G\000i\000r\000i\001\137}{}% 1
\BOOKMARK [1][-]{section.1.1}{\376\377\000N\000e\000x\000O\000S\000\040\000N\000e\000d\000i\000r\000?}{chapter.1}% 2
\BOOKMARK [1][-]{section.1.2}{\376\377\000Y\000a\000p\000a\000y\000\040\000Z\000e\000k\000a\000\040\000E\000n\000t\000e\000g\000r\000a\000s\000y\000o\000n\000u}{chapter.1}% 3
\BOOKMARK [1][-]{section.1.3}{\376\377\000T\000e\000m\000e\000l\000\040\000K\000a\000v\000r\000a\000m\000l\000a\000r}{chapter.1}% 4
\BOOKMARK [2][-]{subsection.1.3.1}{\376\377\000S\000\374\000r\000e\000\347\000\040\000\050\000P\000r\000o\000c\000e\000s\000s\000\051}{section.1.3}% 5
\BOOKMARK [2][-]{subsection.1.3.2}{\376\377\000B\000e\000l\000l\000e\000k\000\040\001\060\000z\000o\000l\000a\000s\000y\000o\000n\000u}{section.1.3}% 6
\BOOKMARK [2][-]{subsection.1.3.3}{\376\377\000Z\000a\000m\000a\000n\000l\000a\000y\001\061\000c\001\061\000\040\000\050\000S\000c\000h\000e\000d\000u\000l\000e\000r\000\051}{section.1.3}% 7
\BOOKMARK [1][-]{section.1.4}{\376\377\000S\000i\000s\000t\000e\000m\000\040\000G\000e\000r\000e\000k\000s\000i\000n\000i\000m\000l\000e\000r\000i}{chapter.1}% 8
\BOOKMARK [0][-]{chapter.2}{\376\377\000G\000e\000l\000i\001\137\000t\000i\000r\000m\000e\000\040\000O\000r\000t\000a\000m\001\061\000\040\000K\000u\000r\000u\000l\000u\000m\000u}{}% 9
\BOOKMARK [1][-]{section.2.1}{\376\377\000B\000a\001\037\001\061\000m\000l\001\061\000l\001\061\000k\000l\000a\000r\001\061\000n\000\040\000K\000u\000r\000u\000l\000u\000m\000u}{chapter.2}% 10
\BOOKMARK [2][-]{subsection.2.1.1}{\376\377\000U\000b\000u\000n\000t\000u\000/\000D\000e\000b\000i\000a\000n}{section.2.1}% 11
\BOOKMARK [2][-]{subsection.2.1.2}{\376\377\000F\000e\000d\000o\000r\000a\000/\000R\000H\000E\000L}{section.2.1}% 12
\BOOKMARK [2][-]{subsection.2.1.3}{\376\377\000m\000a\000c\000O\000S\000\040\000\050\000S\000a\000d\000e\000c\000e\000\040\000D\000e\000r\000l\000e\000m\000e\000\051}{section.2.1}% 13
\BOOKMARK [1][-]{section.2.2}{\376\377\000P\000r\000o\000j\000e\000\040\000D\000i\000z\000i\000n\000\040\000Y\000a\000p\001\061\000s\001\061}{chapter.2}% 14
\BOOKMARK [1][-]{section.2.3}{\376\377\000P\000r\000o\000j\000e\000y\000i\000\040\000S\001\061\000f\001\061\000r\000d\000a\000n\000\040\000O\000l\000u\001\137\000t\000u\000r\000m\000a}{chapter.2}% 15
\BOOKMARK [2][-]{subsection.2.3.1}{\376\377\000A\000d\001\061\000m\000\040\0001\000:\000\040\000P\000r\000o\000j\000e\000\040\000D\000i\000z\000i\000n\000i\000n\000i\000\040\000O\000l\000u\001\137\000t\000u\000r}{section.2.3}% 16
\BOOKMARK [2][-]{subsection.2.3.2}{\376\377\000A\000d\001\061\000m\000\040\0002\000:\000\040\000M\000a\000k\000e\000f\000i\000l\000e\000\040\000O\000l\000u\001\137\000t\000u\000r}{section.2.3}% 17
\BOOKMARK [1][-]{section.2.4}{\376\377\000g\000l\000o\000b\000a\000l\000s\000.\000h\000\040\000-\000\040\000M\000e\000r\000k\000e\000z\000i\000\040\000T\000a\000n\001\061\000m\000l\000a\000m\000a\000l\000a\000r}{chapter.2}% 18
\BOOKMARK [2][-]{subsection.2.4.1}{\376\377\000H\000e\000a\000d\000e\000r\000\040\000G\000u\000a\000r\000d\000\040\000v\000e\000\040\000K\000\374\000t\000\374\000p\000h\000a\000n\000e\000\040\000B\000i\000l\000d\000i\000r\000i\000m\000l\000e\000r\000i}{section.2.4}% 19
\BOOKMARK [2][-]{subsection.2.4.2}{\376\377\000S\000a\000b\000i\000t\000\040\000T\000a\000n\001\061\000m\000l\000a\000m\000a\000l\000a\000r}{section.2.4}% 20
\BOOKMARK [2][-]{subsection.2.4.3}{\376\377\000E\000n\000u\000m\000\040\000T\000a\000n\001\061\000m\000l\000a\000m\000a\000l\000a\000r\001\061}{section.2.4}% 21
\BOOKMARK [2][-]{subsection.2.4.4}{\376\377\000V\000e\000r\000i\000\040\000Y\000a\000p\001\061\000l\000a\000r\001\061}{section.2.4}% 22
\BOOKMARK [2][-]{subsection.2.4.5}{\376\377\000G\000l\000o\000b\000a\000l\000\040\000D\000e\001\037\000i\001\137\000k\000e\000n\000l\000e\000r\000\040\000v\000e\000\040\000F\000o\000n\000k\000s\000i\000y\000o\000n\000\040\000P\000r\000o\000t\000o\000t\000i\000p\000l\000e\000r\000i}{section.2.4}% 23
\BOOKMARK [1][-]{section.2.5}{\376\377\000m\000a\000i\000n\000.\000c\000\040\000-\000\040\000P\000r\000o\000g\000r\000a\000m\000\040\000G\000i\000r\000i\001\137\000\040\000N\000o\000k\000t\000a\000s\001\061}{chapter.2}% 24
\BOOKMARK [1][-]{section.2.6}{\376\377\000D\000e\000r\000l\000e\000m\000e\000\040\000v\000e\000\040\000T\000e\000s\000t}{chapter.2}% 25
\BOOKMARK [0][-]{chapter.3}{\376\377\000S\000i\000s\000t\000e\000m\000\040\000M\000i\000m\000a\000r\000i\000s\000i}{}% 26
\BOOKMARK [1][-]{section.3.1}{\376\377\000G\000e\000n\000e\000l\000\040\000B\000a\000k\001\061\001\137}{chapter.3}% 27
\BOOKMARK [1][-]{section.3.2}{\376\377\000K\000a\000y\000n\000a\000k\000\040\000D\000o\000s\000y\000a\000l\000a\000r\001\061}{chapter.3}% 28
\BOOKMARK [1][-]{section.3.3}{\376\377\000D\000e\000r\000l\000e\000m\000e\000\040\000v\000e\000\040\000\307\000a\000l\001\061\001\137\000t\001\061\000r\000m\000a}{chapter.3}% 29
\BOOKMARK [1][-]{section.3.4}{\376\377\000K\000a\000t\000m\000a\000n\000l\001\061\000\040\000M\000i\000m\000a\000r\000i}{chapter.3}% 30
\BOOKMARK [1][-]{section.3.5}{\376\377\000V\000e\000r\000i\000\040\000A\000k\001\061\001\137\001\061}{chapter.3}% 31
\BOOKMARK [1][-]{section.3.6}{\376\377\000M\000o\000d\000\374\000l\000\040\000E\000t\000k\000i\000l\000e\001\137\000i\000m\000\040\000M\000a\000t\000r\000i\000s\000i}{chapter.3}% 32
\BOOKMARK [1][-]{section.3.7}{\376\377\000M\000e\000r\000k\000e\000z\000i\000\040\000H\000e\000a\000d\000e\000r\000\040\000D\000o\000s\000y\000a\000s\001\061}{chapter.3}% 33
\BOOKMARK [0][-]{chapter.4}{\376\377\000S\000\374\000r\000e\000\347\000\040\000Y\000\366\000n\000e\000t\000i\000m\000i}{}% 34
\BOOKMARK [1][-]{section.4.1}{\376\377\000S\000\374\000r\000e\000\347\000\040\000D\000u\000r\000u\000m\000l\000a\000r\001\061}{chapter.4}% 35
\BOOKMARK [1][-]{section.4.2}{\376\377\000S\000\374\000r\000e\000\347\000\040\000K\000o\000n\000t\000r\000o\000l\000\040\000B\000l\000o\001\037\000u\000\040\000\050\000P\000C\000B\000\051}{chapter.4}% 36
\BOOKMARK [1][-]{section.4.3}{\376\377\000S\000u\000r\000e\000c\000\040\000O\000l\000u\000s\000t\000u\000r\000m\000a}{chapter.4}% 37
\BOOKMARK [1][-]{section.4.4}{\376\377\000S\000u\000r\000e\000c\000\040\000S\000o\000n\000l\000a\000n\000d\000i\000r\000m\000a}{chapter.4}% 38
\BOOKMARK [0][-]{chapter.5}{\376\377\000B\000e\000l\000l\000e\000k\000\040\000Y\000\366\000n\000e\000t\000i\000m\000i}{}% 39
\BOOKMARK [1][-]{section.5.1}{\376\377\001\060\000z\000o\000l\000e\000\040\000B\000e\000l\000l\000e\000k\000\040\000M\000o\000d\000e\000l\000i}{chapter.5}% 40
\BOOKMARK [1][-]{section.5.2}{\376\377\000B\000e\000l\000l\000e\001\037\000e\000\040\000Y\000a\000z\000m\000a}{chapter.5}% 41
\BOOKMARK [1][-]{section.5.3}{\376\377\000B\000e\000l\000l\000e\000k\000t\000e\000n\000\040\000O\000k\000u\000m\000a}{chapter.5}% 42
\BOOKMARK [1][-]{section.5.4}{\376\377\000N\000e\000d\000e\000n\000\040\000S\001\061\000n\001\061\000r\000\040\000K\000o\000n\000t\000r\000o\000l\000\374\000?}{chapter.5}% 43
\BOOKMARK [0][-]{chapter.6}{\376\377\000C\000P\000U\000\040\000Z\000a\000m\000a\000n\000l\000a\000y\001\061\000c\001\061\000s\001\061}{}% 44
\BOOKMARK [1][-]{section.6.1}{\376\377\000R\000o\000u\000n\000d\000-\000R\000o\000b\000i\000n\000\040\000A\000l\000g\000o\000r\000i\000t\000m\000a\000s\001\061}{chapter.6}% 45
\BOOKMARK [1][-]{section.6.2}{\376\377\000Z\000a\000m\000a\000n\000\040\000D\000i\000l\000i\000m\000i}{chapter.6}% 46
\BOOKMARK [1][-]{section.6.3}{\376\377\000Z\000a\000m\000a\000n\000l\000a\000y\001\061\000c\001\061\000\040\000T\000i\000c\000k}{chapter.6}% 47
\BOOKMARK [0][-]{chapter.7}{\376\377\000S\000\374\000r\000e\000\347\000l\000e\000r\000\040\000A\000r\000a\000s\001\061\000\040\001\060\000l\000e\000t\000i\001\137\000i\000m\000\040\000\050\000I\000P\000C\000\051}{}% 48
\BOOKMARK [1][-]{section.7.1}{\376\377\000M\000e\000s\000a\000j\000\040\000G\000e\000\347\000i\000r\000m\000e\000\040\000M\000o\000d\000e\000l\000i}{chapter.7}% 49
\BOOKMARK [1][-]{section.7.2}{\376\377\000M\000e\000s\000a\000j\000\040\000G\000\366\000n\000d\000e\000r\000m\000e}{chapter.7}% 50
\BOOKMARK [1][-]{section.7.3}{\376\377\000M\000e\000s\000a\000j\000\040\000A\000l\000m\000a}{chapter.7}% 51
\BOOKMARK [0][-]{chapter.8}{\376\377\000D\000o\000s\000y\000a\000\040\000S\000i\000s\000t\000e\000m\000i}{}% 52
\BOOKMARK [1][-]{section.8.1}{\376\377\000S\000a\000n\000a\000l\000\040\000D\000i\000s\000k}{chapter.8}% 53
\BOOKMARK [1][-]{section.8.2}{\376\377\000D\000o\000s\000y\000a\000\040\001\060\001\137\000l\000e\000m\000l\000e\000r\000i}{chapter.8}% 54
\BOOKMARK [0][-]{chapter.9}{\376\377\000L\000o\000g\000\040\000A\000n\000a\000l\000i\000z\000\040\000A\000r\000a\000\347\000l\000a\000r\001\061}{}% 55
\BOOKMARK [1][-]{section.9.1}{\376\377\000G\000e\000n\000e\000l\000\040\000B\000a\000k\001\061\001\137}{chapter.9}% 56
\BOOKMARK [1][-]{section.9.2}{\376\377\000W\000e\000b\000\040\000S\000u\000n\000u\000c\000u\000\040\000L\000o\000g\000\040\000D\000o\000s\000y\000a\000l\000a\000r\001\061}{chapter.9}% 57
\BOOKMARK [1][-]{section.9.3}{\376\377\000M\000o\000d\000\374\000l\000e\000r\000\040\000S\000c\000r\000i\000p\000t\000\040\000Y\000a\000p\001\061\000s\001\061}{chapter.9}% 58
\BOOKMARK [2][-]{subsection.9.3.1}{\376\377\000Y\000a\000r\000d\001\061\000m\000c\001\061\000\040\000F\000o\000n\000k\000s\000i\000y\000o\000n\000l\000a\000r}{section.9.3}% 59
\BOOKMARK [1][-]{section.9.4}{\376\377\000T\000r\000a\000f\000i\000k\000\040\000A\000n\000a\000l\000i\000z\000i\000\040\000F\000o\000n\000k\000s\000i\000y\000o\000n\000l\000a\000r\001\061}{chapter.9}% 60
\BOOKMARK [2][-]{subsection.9.4.1}{\376\377\000E\000n\000\040\000A\000k\000t\000i\000f\000\040\000Z\000i\000y\000a\000r\000e\000t\000\347\000i\000l\000e\000r\000i\000\040\000B\000u\000l\000m\000a}{section.9.4}% 61
\BOOKMARK [2][-]{subsection.9.4.2}{\376\377\000E\000n\000\040\000\307\000o\000k\000\040\000Z\000i\000y\000a\000r\000e\000t\000\040\000E\000d\000i\000l\000e\000n\000\040\000S\000a\000y\000f\000a\000l\000a\000r}{section.9.4}% 62
\BOOKMARK [2][-]{subsection.9.4.3}{\376\377\000H\000T\000T\000P\000\040\000D\000u\000r\000u\000m\000\040\000K\000o\000d\000l\000a\000r\001\061\000\040\000D\000a\001\037\001\061\000l\001\061\000m\001\061}{section.9.4}% 63
\BOOKMARK [2][-]{subsection.9.4.4}{\376\377\000H\000a\000t\000a\000\040\001\060\000s\000t\000e\000k\000l\000e\000r\000i\000n\000i\000\040\000A\000n\000a\000l\000i\000z\000\040\000E\000t\000m\000e}{section.9.4}% 64
\BOOKMARK [2][-]{subsection.9.4.5}{\376\377\000S\000a\000a\000t\000l\000i\000k\000\040\000T\000r\000a\000f\000i\000k\000\040\000A\000n\000a\000l\000i\000z\000i}{section.9.4}% 65
\BOOKMARK [2][-]{subsection.9.4.6}{\376\377\000B\000a\000n\000t\000\040\000G\000e\000n\000i\001\137\000l\000i\001\037\000i\000\040\000H\000e\000s\000a\000p\000l\000a\000m\000a}{section.9.4}% 66
\BOOKMARK [1][-]{section.9.5}{\376\377\000G\000\374\000v\000e\000n\000l\000i\000k\000\040\000T\000e\000h\000d\000i\000t\000\040\000T\000e\000s\000p\000i\000t\000i}{chapter.9}% 67
\BOOKMARK [1][-]{section.9.6}{\376\377\000R\000a\000p\000o\000r\000\040\000\334\000r\000e\000t\000i\000m\000i}{chapter.9}% 68
\BOOKMARK [2][-]{subsection.9.6.1}{\376\377\000M\000e\000t\000i\000n\000\040\000R\000a\000p\000o\000r\000u}{section.9.6}% 69
\BOOKMARK [2][-]{subsection.9.6.2}{\376\377\000H\000T\000M\000L\000\040\000R\000a\000p\000o\000r\000\040\000v\000e\000\040\000D\000a\000s\000h\000b\000o\000a\000r\000d}{section.9.6}% 70
\BOOKMARK [1][-]{section.9.7}{\376\377\000C\000r\000o\000n\000\040\000i\000l\000e\000\040\000O\000t\000o\000m\000a\000t\000i\000k\000\040\000Z\000a\000m\000a\000n\000l\000a\000m\000a}{chapter.9}% 71
\BOOKMARK [2][-]{subsection.9.7.1}{\376\377\000C\000r\000o\000n\000\040\001\060\000f\000a\000d\000e\000\040\000F\000o\000r\000m\000a\000t\001\061}{section.9.7}% 72
\BOOKMARK [1][-]{section.9.8}{\376\377\000C\000a\000n\000l\001\061\000\040\001\060\000z\000l\000e\000m\000e\000\040\000M\000o\000d\000u}{chapter.9}% 73
\BOOKMARK [1][-]{section.9.9}{\376\377\000A\000n\000a\000\040\000P\000r\000o\000g\000r\000a\000m\000\040\000A\000k\001\061\001\137\001\061}{chapter.9}% 74
\BOOKMARK [1][-]{section.9.10}{\376\377\000K\000u\000l\000l\000a\000n\001\061\000m\000\040\000\326\000r\000n\000e\000k\000l\000e\000r\000i}{chapter.9}% 75
\BOOKMARK [0][-]{chapter.10}{\376\377\000Y\000a\000p\000a\000y\000\040\000Z\000e\000k\000a\000\040\000E\000n\000t\000e\000g\000r\000a\000s\000y\000o\000n\000u}{}% 76
\BOOKMARK [1][-]{section.10.1}{\376\377\000G\000e\000n\000e\000l\000\040\000B\000a\000k\001\061\001\137}{chapter.10}% 77
\BOOKMARK [1][-]{section.10.2}{\376\377\000O\000l\000l\000a\000m\000a\000\040\000A\000I\000\040\000M\000o\000t\000o\000r\000u}{chapter.10}% 78
\BOOKMARK [1][-]{section.10.3}{\376\377\000\326\000z\000e\000l\000\040\000M\000o\000d\000e\000l\000\040\000O\000l\000u\001\137\000t\000u\000r\000m\000a}{chapter.10}% 79
\BOOKMARK [1][-]{section.10.4}{\376\377\000A\000I\000\040\000M\000o\000d\000\374\000l\000\374\000\040\000\050\000a\000i\000.\000c\000\051}{chapter.10}% 80
\BOOKMARK [1][-]{section.10.5}{\376\377\000K\000u\000l\000l\000a\000n\001\061\000c\001\061\000d\000a\000n\000\040\000S\000o\000r\000u\000\040\000A\000l\000m\000a}{chapter.10}% 81
\BOOKMARK [1][-]{section.10.6}{\376\377\000K\000o\000m\000u\000t\000\040\000\326\000n\000e\000r\000i\000\040\000v\000e\000\040\000\307\000a\000l\001\061\001\137\000t\001\061\000r\000m\000a}{chapter.10}% 82
\BOOKMARK [1][-]{section.10.7}{\376\377\000A\000I\000\040\000M\000o\000d\000u\000\040\000K\000u\000l\000l\000a\000n\000i\000m}{chapter.10}% 83
\BOOKMARK [0][-]{chapter.11}{\376\377\000E\000n\000t\000e\000g\000r\000e\000\040\000W\000e\000b\000\040\000S\000u\000n\000u\000c\000u}{}% 84
\BOOKMARK [1][-]{section.11.1}{\376\377\000G\000e\000n\000e\000l\000\040\000B\000a\000k\000i\000s}{chapter.11}% 85
\BOOKMARK [1][-]{section.11.2}{\376\377\000W\000e\000b\000\040\000S\000u\000n\000u\000c\000u\000\040\000S\000c\000r\000i\000p\000t\000i}{chapter.11}% 86
\BOOKMARK [1][-]{section.11.3}{\376\377\000D\000i\000z\000i\000n\000\040\000Y\000a\000p\000i\000s\000i\000\040\000K\000u\000r\000u\000l\000u\000m\000u}{chapter.11}% 87
\BOOKMARK [1][-]{section.11.4}{\376\377\000W\000e\000b\000\040\000S\000a\000y\000f\000a\000s\000i\000\040\000O\000l\000u\000s\000t\000u\000r\000m\000a}{chapter.11}% 88
\BOOKMARK [1][-]{section.11.5}{\376\377\000H\000T\000T\000P\000\040\000K\000i\000m\000l\000i\000k\000\040\000D\000o\000g\000r\000u\000l\000a\000m\000a}{chapter.11}% 89
\BOOKMARK [1][-]{section.11.6}{\376\377\000S\000u\000n\000u\000c\000u\000\040\000B\000a\000s\000l\000a\000t\000m\000a\000\040\000v\000e\000\040\000D\000u\000r\000d\000u\000r\000m\000a}{chapter.11}% 90
\BOOKMARK [1][-]{section.11.7}{\376\377\000C\000a\000n\000l\000i\000\040\000L\000o\000g\000\040\000T\000a\000k\000i\000b\000i}{chapter.11}% 91
\BOOKMARK [1][-]{section.11.8}{\376\377\000A\000n\000a\000\040\000P\000r\000o\000g\000r\000a\000m}{chapter.11}% 92
\BOOKMARK [0][-]{chapter.12}{\376\377\000I\000S\000O\000\040\000O\000l\000u\001\137\000t\000u\000r\000m\000a\000\040\000v\000e\000\040\000B\000o\000o\000t\000\040\000S\000\374\000r\000e\000c\000i}{}% 93
\BOOKMARK [1][-]{section.12.1}{\376\377\000G\000e\000n\000e\000l\000\040\000B\000a\000k\001\061\001\137}{chapter.12}% 94
\BOOKMARK [1][-]{section.12.2}{\376\377\000D\000e\000r\000l\000e\000m\000e\000\040\000S\000\374\000r\000e\000c\000i}{chapter.12}% 95
\BOOKMARK [1][-]{section.12.3}{\376\377\000R\000o\000o\000t\000\040\000D\000o\000s\000y\000a\000\040\000S\000i\000s\000t\000e\000m\000i}{chapter.12}% 96
\BOOKMARK [1][-]{section.12.4}{\376\377\000I\000n\000i\000t\000\040\000S\000c\000r\000i\000p\000t}{chapter.12}% 97
\BOOKMARK [1][-]{section.12.5}{\376\377\000I\000n\000i\000t\000r\000a\000m\000f\000s\000\040\000O\000l\000u\001\137\000t\000u\000r\000m\000a}{chapter.12}% 98
\BOOKMARK [1][-]{section.12.6}{\376\377\000I\000S\000O\000\040\001\060\000m\000a\000j\001\061\000\040\000O\000l\000u\001\137\000t\000u\000r\000m\000a}{chapter.12}% 99
\BOOKMARK [1][-]{section.12.7}{\376\377\000I\000S\000O\000\040\000\307\000a\000l\001\061\001\137\000t\001\061\000r\000m\000a}{chapter.12}% 100
\BOOKMARK [0][-]{chapter.13}{\376\377\000K\000u\000l\000l\000a\000n\001\061\000c\001\061\000\040\000A\000r\000a\000y\000\374\000z\000\374}{}% 101
\BOOKMARK [1][-]{section.13.1}{\376\377\000G\000i\000r\000i\001\137\000\040\000E\000k\000r\000a\000n\001\061}{chapter.13}% 102
\BOOKMARK [1][-]{section.13.2}{\376\377\000A\000n\000a\000\040\000M\000e\000n\000\374}{chapter.13}% 103
\BOOKMARK [1][-]{section.13.3}{\376\377\000S\000h\000e\000l\000l\000\040\000K\000o\000m\000u\000t\000l\000a\000r\001\061}{chapter.13}% 104
\BOOKMARK [0][-]{chapter.14}{\376\377\000S\000o\000n\000u\000\347}{}% 105
\BOOKMARK [1][-]{section.14.1}{\376\377\000\326\000z\000e\000l\000l\000i\000k\000\040\000\326\000z\000e\000t\000i}{chapter.14}% 106
\BOOKMARK [1][-]{section.14.2}{\376\377\000\326\001\037\000r\000e\000n\000i\000l\000e\000n\000\040\000K\000a\000v\000r\000a\000m\000l\000a\000r}{chapter.14}% 107
\BOOKMARK [0][-]{chapter.15}{\376\377\000E\000k\000l\000e\000r}{}% 108
\BOOKMARK [1][-]{section.15.1}{\376\377\000E\000k\000r\000a\000n\000\040\000G\000\366\000r\000\374\000n\000t\000\374\000l\000e\000r\000i}{chapter.15}% 109
\BOOKMARK [2][-]{subsection.15.1.1}{\376\377\000G\000i\000r\000i\001\137\000\040\000E\000k\000r\000a\000n\001\061}{section.15.1}% 110
\BOOKMARK [2][-]{subsection.15.1.2}{\376\377\000A\000n\000a\000\040\000E\000k\000r\000a\000n}{section.15.1}% 111
\BOOKMARK [2][-]{subsection.15.1.3}{\376\377\000Y\000a\000r\000d\001\061\000m\000\040\000S\000a\000y\000f\000a\000s\001\061}{section.15.1}% 112
\BOOKMARK [2][-]{subsection.15.1.4}{\376\377\000S\000\374\000r\000e\000\347\000\040\000Y\000\366\000n\000e\000t\000i\000m\000i\000\040\000\050\000p\000r\000o\000c\000\040\000k\000i\000l\000l\000\051}{section.15.1}% 113
\BOOKMARK [2][-]{subsection.15.1.5}{\376\377\000S\000i\000s\000t\000e\000m\000\040\001\060\000z\000l\000e\000m\000e\000\040\000\050\000m\000o\000n\000i\000t\000o\000r\000\051}{section.15.1}% 114
\BOOKMARK [2][-]{subsection.15.1.6}{\376\377\000L\000o\000g\000\040\000A\000n\000a\000l\000i\000z\000\040\000\307\001\061\000k\000t\001\061\000s\001\061}{section.15.1}% 115
\BOOKMARK [2][-]{subsection.15.1.7}{\376\377\000W\000e\000b\000\040\000S\000i\000t\000e\000s\000i\000\040\000G\000\366\000r\000\374\000n\000\374\000m\000\374}{section.15.1}% 116
\BOOKMARK [2][-]{subsection.15.1.8}{\376\377\000Y\000a\000p\000a\000y\000\040\000Z\000e\000k\000a\000\040\000Y\000a\000n\001\061\000t\001\061}{section.15.1}% 117
